// Jest Snapshot v1, https://jestjs.io/docs/snapshot-testing

exports[`Header component test matches snapshot 1`] = `
<div>
  <div
    class="sc-hjsuWn ieylHP"
  >
    <div
      class="sc-ggWZvA ZMjlW"
    >
      <input
        class="sc-dTvVRJ FRDnM"
        name="search"
        placeholder="Search"
        spellcheck="true"
        type="search"
      />
      <button
        class="sc-jwTyAe eKrelh"
      >
        <span
          class="sc-fhHczv jxaKYX"
        >
          Search
        </span>
        <i
          class="fa-solid fa-magnifying-glass"
        />
      </button>
    </div>
  </div>
</div>
`;
